==========================================================
Starting on g004
Time is Sat Mar 21 04:18:35 PM EDT 2026
SLURM_JOB_ID: 2201275
Node type: GPU
Running command: python train_semi-supervised.py
==========================================================
Python path: /projects/weilab/liupeng/conda/envs/ssl_seg/bin/python
Micromamba environment: ssl_seg
JUST_RUNTIME_DIR set to: /home/liupen/.just_runtime
{'exp': 'c3ps_confidence_filter', 'method': 'C3PS', 'train_3D': True, 'backbone': 'unet_3D_old', 'backbone2': 'unet_3D_condtion_decoder', 'dataset_name': 'BTCV', 'gpu': '0', 'continue_wandb': False, 'continue_training': False, 'wandb_id': '2jkdqxmi', 'model_checkpoint': '/projects/weilab/liupeng/semi-seg/model/LA_8_CCRPS_test_SGD_SGD/unet_3D_old/model1_iter_17600_dice_0.9036.pth', 'model2_checkpoint': '/projects/weilab/liupeng/semi-seg/model/LA_8_CCRPS_test_SGD_SGD/unet_3D_old/model2_iter_17600_dice_0.9036.pth', 'current_iter_num': 17600, 'began_semi_iter': 2000, 'began_condition_iter': 4000, 'began_eval_iter': 2000, 'val_freq': 400, 'val_sample_num': 4, 'condition_eval_batch_size': 2, 'save_checkpoint_freq': 200, 'max_iterations': 20000, 'iters_per_epoch': 100, 'num_epochs': 500, 'use_CAC': True, 'use_PL': False, 'deterministic': 1, 'initial_lr': 0.01, 'initial2_lr': 0.01, 'optimizer_type': 'SGD', 'optimizer2_type': 'SGD', 'model1_thresh': 0.9, 'model2_thresh': 0.95, 'seed': 1337, 'ema_decay': 0.99, 'consistency_type': 'mse', 'consistency': 0.1, 'consistency_rampup': 200.0, 'weight_decay': 1e-05, 'lr_scheduler_patience': 30, 'lr_scheduler_eps': 0.001, 'show_img_freq': 1000, 'train_log_interval': 20, 'dataloader_num_workers': 8, 'dataloader_prefetch_factor': 2, 'dataloader_persistent_workers': True, 'dataloader_pin_memory': True, 'sam': {'use_sam_refinement': False, 'sam_backend': 'medsam', 'sam_checkpoint': './pretrained/medsam_vit_b.pth', 'sam_model_type': 'vit_b', 'auto_download': True, 'download_url': 'https://drive.google.com/uc?id=1ARiB5RkSsWmAB_8mqWnwkjHVy46vzkhR', 'sam_refine_interval': 20, 'use_multiplanar': True, 'use_propagation': False, 'min_component_area': 100, 'bbox_expand_ratio': 0.05, 'max_expansion_ratio': 1.5, 'feature_layer': '', 'visualize_refine': True, 'visualize_interval': 20, 'visualize_case_index': 0, 'visualize_slice_strategy': 'max_change', 'save_compare_npz': True, 'confidence_alpha': 0.5, 'confidence_temperature': 1.0, 'spatial_smooth_sigma': 2.0, 'use_fn_recovery': False, 'fn_recovery_start_epoch': 50, 'fn_recovery_interval': 100, 'fn_iou_threshold': 0.1, 'fn_similarity_threshold': 0.7, 'fn_consistency_slices': 3, 'prototype_update_interval': 5, 'sam_points_per_side': 32, 'sam_pred_iou_thresh': 0.86}, 'METHOD': {'ICT': {'ict_alpha': 0.2}, 'MT': None, 'UAMT': None, 'CPS': None, 'DAN': None, 'EM': None, 'Baseline': None, 'URPC': None, 'C3PS': {'stride': 2, 'iou_bound_low': 0.1, 'iou_bound_high': 0.9, 'con_list': [1, 2, 3, 4, 5, 6, 7, 8, 9, 10, 11, 12, 13], 'addition_con_list': [], 'condition_group_mode': 'random', 'max_group_size': 3, 'con_groups': [1, 2, 3, 4, 5, 6, 7, 8, 9, 10, 11, 12, 13, [2, 3], [12, 13], [8, 9], [5, 7], [1, 11], [4, 6, 10]], 'condition_mode': 'film', 'embed_dim': 8, 'cond_dim': 32, 'pseudo_filter_mode': 'confidence'}, 'SharedC3PS': {'stride': 2, 'iou_bound_low': 0.1, 'iou_bound_high': 0.9, 'con_list': [1, 2, 3, 4, 5, 6, 7, 8, 9, 10, 11, 12, 13], 'addition_con_list': [], 'condition_group_mode': 'fixed', 'max_group_size': 3, 'con_groups': [1, 2, 3, 4, 5, 6, 7, 8, 9, 10, 11, 12, 13, [2, 3], [12, 13], [8, 9], [5, 7], [1, 11], [4, 6, 10]], 'condition_mode': 'film', 'embed_dim': 8, 'cond_dim': 32}, 'ConNet': {'stride': 2, 'iou_bound_low': 0.1, 'iou_bound_high': 0.9, 'con_list': [1, 2, 3, 4, 5, 6, 7], 'addition_con_list': [8], 'condition_mode': 'film', 'embed_dim': 8, 'cond_dim': 32}, 'McNet': None, 'CVCL': {'stride': 8, 'step_save': 2, 'iou_bound_low': 0.1, 'iou_bound_high': 0.9, 'con_list': [1, 2, 3, 4, 5, 6, 7], 'addition_con_list': [8], 'threshold': 0.5}, 'CVCL_partial': {'stride': 8, 'step_save': 2, 'iou_bound_low': 0.1, 'iou_bound_high': 0.9, 'con_list': [1, 2, 3, 4, 5], 'addition_con_list': [8], 'threshold': 0.5, 'began_partial': 4000}, 'CSSR': {'stride': 2, 'iou_bound_low': 0.1, 'iou_bound_high': 1.01, 'patch_size_large': [128, 256, 256]}, 'CTCT': {'cache_mode': 'part', 'zip': True, 'accumulation_steps': None, 'use_checkpoint': False, 'amp_opt_level': 'O1', 'tag': None, 'eval': False, 'throughput': False}, 'CAML': None}, 'DATASET': {'labeled_num': 5, 'labeled_num_pl': 60, 'labeled_bs': 1, 'batch_size': 2, 'patch_size': [96, 160, 160], 'cutout': True, 'rotate_trans': True, 'scale_trans': True, 'random_rotflip': False, 'edge_prob': 0.1, 'normalization': 'Zscore', 'LA': {'num_classes': 2, 'class_name_list': ['LA'], 'weights': [1.0], 'train_list': '/projects/weilab/liupeng/dataset/ssl_seg/LA/TrainingSet/LA_train.txt', 'train_list_pl': '/projects/weilab/liupeng/dataset/ssl_seg/LA/test.txt', 'test_list': '/projects/weilab/liupeng/dataset/ssl_seg/LA/TrainingSet/LA_test.txt', 'training_data_num': 80, 'testing_data_num': 20, 'cut_upper': 300, 'cut_lower': -200}, 'MMWHS': {'num_classes': 8, 'class_name_list': ['MYO', 'LA', 'LV', 'RA', 'AA', 'PA', 'RV', 'Foreground'], 'weights': [1.0, 1.0, 1.0, 1.0, 1.0, 1.0, 1.0], 'train_list': '/projects/weilab/liupeng/dataset/ssl_seg/Task012_Heart/MMWHS_train.txt', 'train_list_pl': '../data/Pancreas/pancreas_test.txt', 'test_list': '/projects/weilab/liupeng/dataset/ssl_seg/Task012_Heart/MMWHS_test.txt', 'training_data_num': 14, 'testing_data_num': 6, 'cut_upper': 300, 'cut_lower': -200}, 'MMWHS_MR': {'num_classes': 8, 'train_list': '../data/MMWHS_MR/train.txt', 'test_list': '../data/MMWHS_MR/test.txt', 'training_data_num': 14, 'testing_data_num': 6, 'cut_upper': 1000, 'cut_lower': -1000}, 'BCV': {'num_classes': 6, 'class_name_list': ['Spleen', 'Right_Kidney', 'Left_Kidney', 'Liver', 'Pancreas', 'Foreground'], 'weights': [1.0, 1.0, 1.0, 1.0, 1.0], 'train_list': '/projects/weilab/liupeng/dataset/ssl_seg/Task11_BCV/train.txt', 'train_list_pl': '/projects/weilab/liupeng/dataset/ssl_seg/Pancreas/pancreas_test.txt', 'test_list': '/projects/weilab/liupeng/dataset/ssl_seg/Task11_BCV/test.txt', 'training_data_num': 24, 'testing_data_num': 6, 'cut_upper': 275, 'cut_lower': -125}, 'BTCV': {'num_classes': 14, 'class_name_list': ['Spleen', 'Right_Kidney', 'Left_Kidney', 'Gallbladder', 'Esophagus', 'Liver', 'Stomach', 'Aorta', 'Inferior_Vena_Cava', 'Portal_Vein_And_Splenic_Vein', 'Pancreas', 'Right_Adrenal_Gland', 'Left_Adrenal_Gland', 'Foreground'], 'weights': [1, 1, 1, 1, 1, 1, 1, 1, 1, 1, 1, 1, 1], 'train_list': '/projects/weilab/liupeng/dataset/ssl_seg/BTCV/Training_resampled_1.5_1.5_2.0_npy_zscore/train.txt', 'train_list_pl': '/projects/weilab/liupeng/dataset/ssl_seg/BTCV/Training_resampled_1.5_1.5_2.0_npy_zscore/test.txt', 'test_list': '/projects/weilab/liupeng/dataset/ssl_seg/BTCV/Training_resampled_1.5_1.5_2.0_npy_zscore/test.txt', 'training_data_num': 18, 'testing_data_num': 12, 'cut_upper': 275, 'cut_lower': -125}, 'FLARE': {'num_classes': 5, 'weights': [1.0, 1.0, 1.0, 1.0], 'class_name_list': ['Liver', 'Kidney', 'Spleen', 'Pancreas', 'Foreground'], 'train_list': '../data/AbdomenCT-1K/Flare_train.txt', 'test_list': '../data/AbdomenCT-1K/Flare_test.txt', 'train_list_pl': '../data/Pancreas/pancreas_test.txt', 'training_data_num': 200, 'testing_data_num': 161, 'cut_upper': 275, 'cut_lower': -125}, 'FLARE_FR': {'num_classes': 5, 'weights': [1.0, 1.0, 1.0, 1.0], 'class_name_list': ['Liver', 'Kidney', 'Spleen', 'Pancreas', 'Foreground'], 'train_list': '../data/AbdomenCT-1K/Flare_train_fullres.txt', 'test_list': '../data/AbdomenCT-1K/Flare_test_fullres.txt', 'train_list_pl': '../data/Pancreas/pancreas_test.txt', 'training_data_num': 200, 'testing_data_num': 161, 'cut_upper': 275, 'cut_lower': -125}, 'FLARE_MR': {'num_classes': 5, 'weights': [1.0, 1.0, 1.0, 1.0], 'class_name_list': ['Liver', 'Kidney', 'Spleen', 'Pancreas', 'Foreground'], 'train_list': '../data/AbdomenCT-1K/Flare_train_midres.txt', 'test_list': '../data/AbdomenCT-1K/Flare_test_midres.txt', 'train_list_pl': '../data/Pancreas/pancreas_test.txt', 'training_data_num': 200, 'testing_data_num': 161, 'cut_upper': 275, 'cut_lower': -125}}, 'model': {'name': 'Semi3DUNet', 'in_channels': 1, 'out_channels': 8, 'layer_order': 'gcr', 'f_maps': 16, 'num_levels': 5, 'num_groups': 8, 'final_sigmoid': False, 'is_segmentation': True}}
Using class DATASETSEMI **********
total img:18
lower:-125,upper:275
do affine:True, do cutout:True
condition list:[1, 2, 3, 4, 5, 6, 7, 8, 9, 10, 11, 12, 13]
Using class DATASETSEMI **********
C3PS fixed-epoch mode: 100 iters/epoch x 500 epochs => max_iterations=50000
================> Training C3PS<===============
iteration 1 :model1 loss : 1.987080model2 loss : 0.694450pseudo_supervision1 : 0.000000pseudo_supervision2 : 0.000000
iteration 20 :model1 loss : 1.257807model2 loss : 0.285731pseudo_supervision1 : 0.000000pseudo_supervision2 : 0.000000
began evaluation!
iteration 20: validation sampled 4/12 cases
Total test images: 4
Validation begin
Validation end
avg metric shape: (13, 3)
save model to ../model/BTCV_5_C3PS_c3ps_confidence_filter_SGD_SGD/unet_3D_old/iter_20_dice_0.035
iteration 20 : model_dice_score : 0.035000 model_hd95 : 0.000000
began evaluation!
Total test images: 4
Validation begin
===>test image:/projects/weilab/liupeng/dataset/ssl_seg/BTCV/Training_resampled_1.5_1.5_2.0_npy_zscore/img/img0004.npy
condition batch eval, img shape:(210, 203, 203), sx:3, sy:2, sz:2, num_conditions:2
condition:1, metric:[  0. 150. 150.]
condition:2, metric:[0. 0. 0.]
condition batch eval, img shape:(210, 203, 203), sx:3, sy:2, sz:2, num_conditions:2
condition:3, metric:[  0. 150. 150.]
condition:4, metric:[  0. 150. 150.]
condition batch eval, img shape:(210, 203, 203), sx:3, sy:2, sz:2, num_conditions:2
condition:5, metric:[0. 0. 0.]
condition:6, metric:[0. 0. 0.]
condition batch eval, img shape:(210, 203, 203), sx:3, sy:2, sz:2, num_conditions:2
condition:7, metric:[0. 0. 0.]
condition:8, metric:[  0. 150. 150.]
condition batch eval, img shape:(210, 203, 203), sx:3, sy:2, sz:2, num_conditions:2
condition:9, metric:[0. 0. 0.]
condition:10, metric:[  0. 150. 150.]
condition batch eval, img shape:(210, 203, 203), sx:3, sy:2, sz:2, num_conditions:2
condition:11, metric:[  0. 150. 150.]
condition:12, metric:[  0. 150. 150.]
condition batch eval, img shape:(210, 203, 203), sx:3, sy:2, sz:2, num_conditions:1
condition:13, metric:[0. 0. 0.]
===>test image:/projects/weilab/liupeng/dataset/ssl_seg/BTCV/Training_resampled_1.5_1.5_2.0_npy_zscore/img/img0001.npy
condition batch eval, img shape:(220, 228, 228), sx:3, sy:3, sz:3, num_conditions:2
condition:1, metric:[  0. 150. 150.]
condition:2, metric:[  0. 150. 150.]
condition batch eval, img shape:(220, 228, 228), sx:3, sy:3, sz:3, num_conditions:2
condition:3, metric:[  0. 150. 150.]
condition:4, metric:[  0. 150. 150.]
condition batch eval, img shape:(220, 228, 228), sx:3, sy:3, sz:3, num_conditions:2
condition:5, metric:[  0. 150. 150.]
condition:6, metric:[  0. 150. 150.]
condition batch eval, img shape:(220, 228, 228), sx:3, sy:3, sz:3, num_conditions:2
condition:7, metric:[  0. 150. 150.]
condition:8, metric:[  0. 150. 150.]
condition batch eval, img shape:(220, 228, 228), sx:3, sy:3, sz:3, num_conditions:2
condition:9, metric:[  0. 150. 150.]
condition:10, metric:[  0. 150. 150.]
condition batch eval, img shape:(220, 228, 228), sx:3, sy:3, sz:3, num_conditions:2
condition:11, metric:[  0. 150. 150.]
condition:12, metric:[  0. 150. 150.]
condition batch eval, img shape:(220, 228, 228), sx:3, sy:3, sz:3, num_conditions:1
condition:13, metric:[  0. 150. 150.]
===>test image:/projects/weilab/liupeng/dataset/ssl_seg/BTCV/Training_resampled_1.5_1.5_2.0_npy_zscore/img/img0002.npy
condition batch eval, img shape:(208, 246, 246), sx:3, sy:3, sz:3, num_conditions:2
condition:1, metric:[  0. 150. 150.]
condition:2, metric:[  0. 150. 150.]
condition batch eval, img shape:(208, 246, 246), sx:3, sy:3, sz:3, num_conditions:2
condition:3, metric:[  0. 150. 150.]
condition:4, metric:[  0. 150. 150.]
condition batch eval, img shape:(208, 246, 246), sx:3, sy:3, sz:3, num_conditions:2
condition:5, metric:[  0. 150. 150.]
condition:6, metric:[  0. 150. 150.]
condition batch eval, img shape:(208, 246, 246), sx:3, sy:3, sz:3, num_conditions:2
condition:7, metric:[  0. 150. 150.]
condition:8, metric:[  0. 150. 150.]
condition batch eval, img shape:(208, 246, 246), sx:3, sy:3, sz:3, num_conditions:2
condition:9, metric:[  0. 150. 150.]
condition:10, metric:[  0. 150. 150.]
condition batch eval, img shape:(208, 246, 246), sx:3, sy:3, sz:3, num_conditions:2
condition:11, metric:[  0. 150. 150.]
condition:12, metric:[  0. 150. 150.]
condition batch eval, img shape:(208, 246, 246), sx:3, sy:3, sz:3, num_conditions:1
condition:13, metric:[  0. 150. 150.]
===>test image:/projects/weilab/liupeng/dataset/ssl_seg/BTCV/Training_resampled_1.5_1.5_2.0_npy_zscore/img/img0038.npy
condition batch eval, img shape:(250, 333, 333), sx:4, sy:4, sz:4, num_conditions:2
condition:1, metric:[0. 0. 0.]
condition:2, metric:[0. 0. 0.]
condition batch eval, img shape:(250, 333, 333), sx:4, sy:4, sz:4, num_conditions:2
condition:3, metric:[0. 0. 0.]
condition:4, metric:[0. 0. 0.]
condition batch eval, img shape:(250, 333, 333), sx:4, sy:4, sz:4, num_conditions:2
condition:5, metric:[0. 0. 0.]
condition:6, metric:[0. 0. 0.]
condition batch eval, img shape:(250, 333, 333), sx:4, sy:4, sz:4, num_conditions:2
condition:7, metric:[0. 0. 0.]
condition:8, metric:[0. 0. 0.]
condition batch eval, img shape:(250, 333, 333), sx:4, sy:4, sz:4, num_conditions:2
condition:9, metric:[0. 0. 0.]
condition:10, metric:[0. 0. 0.]
condition batch eval, img shape:(250, 333, 333), sx:4, sy:4, sz:4, num_conditions:2
condition:11, metric:[0. 0. 0.]
condition:12, metric:[0. 0. 0.]
condition batch eval, img shape:(250, 333, 333), sx:4, sy:4, sz:4, num_conditions:1
condition:13, metric:[0. 0. 0.]
Validation end
avg metric shape: (13, 3)
iteration 20 : model2_dice_score : 0.000000 model2_hd95 : 95.192308
iteration 40 :model1 loss : 0.795517model2 loss : 0.253276pseudo_supervision1 : 0.000000pseudo_supervision2 : 0.000000
iteration 60 :model1 loss : 0.660167model2 loss : 0.248365pseudo_supervision1 : 0.000000pseudo_supervision2 : 0.000000
iteration 80 :model1 loss : 0.682057model2 loss : 0.263303pseudo_supervision1 : 0.000000pseudo_supervision2 : 0.000000
iteration 100 :model1 loss : 0.695461model2 loss : 0.259996pseudo_supervision1 : 0.000000pseudo_supervision2 : 0.000000
iteration 120 :model1 loss : 0.649799model2 loss : 0.250121pseudo_supervision1 : 0.000000pseudo_supervision2 : 0.000000
iteration 140 :model1 loss : 0.653402model2 loss : 0.256696pseudo_supervision1 : 0.000000pseudo_supervision2 : 0.000000
iteration 160 :model1 loss : 0.590884model2 loss : 0.247172pseudo_supervision1 : 0.000000pseudo_supervision2 : 0.000000
iteration 180 :model1 loss : 0.684479model2 loss : 0.274311pseudo_supervision1 : 0.000000pseudo_supervision2 : 0.000000
iteration 200 :model1 loss : 0.577753model2 loss : 0.248711pseudo_supervision1 : 0.000000pseudo_supervision2 : 0.000000
save model to ../model/BTCV_5_C3PS_c3ps_confidence_filter_SGD_SGD/unet_3D_old/model_iter_200.pth
save model2 to ../model/BTCV_5_C3PS_c3ps_confidence_filter_SGD_SGD/unet_3D_old/model2_iter_200.pth
iteration 220 :model1 loss : 0.648126model2 loss : 0.246704pseudo_supervision1 : 0.000000pseudo_supervision2 : 0.000000
iteration 240 :model1 loss : 0.832414model2 loss : 0.274951pseudo_supervision1 : 0.000000pseudo_supervision2 : 0.000000
iteration 260 :model1 loss : 0.567771model2 loss : 0.234095pseudo_supervision1 : 0.000000pseudo_supervision2 : 0.000000
iteration 280 :model1 loss : 0.508614model2 loss : 0.193445pseudo_supervision1 : 0.000000pseudo_supervision2 : 0.000000
iteration 300 :model1 loss : 0.594190model2 loss : 0.243621pseudo_supervision1 : 0.000000pseudo_supervision2 : 0.000000
iteration 320 :model1 loss : 0.547665model2 loss : 0.243455pseudo_supervision1 : 0.000000pseudo_supervision2 : 0.000000
iteration 340 :model1 loss : 0.510351model2 loss : 0.264633pseudo_supervision1 : 0.000000pseudo_supervision2 : 0.000000
iteration 360 :model1 loss : 0.677470model2 loss : 0.234953pseudo_supervision1 : 0.000000pseudo_supervision2 : 0.000000
iteration 380 :model1 loss : 0.542357model2 loss : 0.264026pseudo_supervision1 : 0.000000pseudo_supervision2 : 0.000000
iteration 400 :model1 loss : 0.471006model2 loss : 0.242800pseudo_supervision1 : 0.000000pseudo_supervision2 : 0.000000
save model to ../model/BTCV_5_C3PS_c3ps_confidence_filter_SGD_SGD/unet_3D_old/model_iter_400.pth
save model2 to ../model/BTCV_5_C3PS_c3ps_confidence_filter_SGD_SGD/unet_3D_old/model2_iter_400.pth
iteration 420 :model1 loss : 0.499121model2 loss : 0.211490pseudo_supervision1 : 0.000000pseudo_supervision2 : 0.000000
iteration 440 :model1 loss : 0.504089model2 loss : 0.252768pseudo_supervision1 : 0.000000pseudo_supervision2 : 0.000000
iteration 460 :model1 loss : 0.488734model2 loss : 0.215838pseudo_supervision1 : 0.000000pseudo_supervision2 : 0.000000
iteration 480 :model1 loss : 0.475950model2 loss : 0.249701pseudo_supervision1 : 0.000000pseudo_supervision2 : 0.000000
iteration 500 :model1 loss : 0.526118model2 loss : 0.254877pseudo_supervision1 : 0.000000pseudo_supervision2 : 0.000000
iteration 520 :model1 loss : 0.476548model2 loss : 0.198277pseudo_supervision1 : 0.000000pseudo_supervision2 : 0.000000
iteration 540 :model1 loss : 0.431644model2 loss : 0.224198pseudo_supervision1 : 0.000000pseudo_supervision2 : 0.000000
iteration 560 :model1 loss : 0.425168model2 loss : 0.244136pseudo_supervision1 : 0.000000pseudo_supervision2 : 0.000000
iteration 580 :model1 loss : 0.406084model2 loss : 0.240930pseudo_supervision1 : 0.000000pseudo_supervision2 : 0.000000
iteration 600 :model1 loss : 0.417924model2 loss : 0.257179pseudo_supervision1 : 0.000000pseudo_supervision2 : 0.000000
save model to ../model/BTCV_5_C3PS_c3ps_confidence_filter_SGD_SGD/unet_3D_old/model_iter_600.pth
save model2 to ../model/BTCV_5_C3PS_c3ps_confidence_filter_SGD_SGD/unet_3D_old/model2_iter_600.pth
iteration 620 :model1 loss : 0.444756model2 loss : 0.219421pseudo_supervision1 : 0.000000pseudo_supervision2 : 0.000000
iteration 640 :model1 loss : 0.437351model2 loss : 0.246885pseudo_supervision1 : 0.000000pseudo_supervision2 : 0.000000
iteration 660 :model1 loss : 0.361342model2 loss : 0.209702pseudo_supervision1 : 0.000000pseudo_supervision2 : 0.000000
iteration 680 :model1 loss : 0.403138model2 loss : 0.234584pseudo_supervision1 : 0.000000pseudo_supervision2 : 0.000000
iteration 700 :model1 loss : 0.372581model2 loss : 0.262322pseudo_supervision1 : 0.000000pseudo_supervision2 : 0.000000
iteration 720 :model1 loss : 0.415397model2 loss : 0.238442pseudo_supervision1 : 0.000000pseudo_supervision2 : 0.000000
iteration 740 :model1 loss : 0.493563model2 loss : 0.256931pseudo_supervision1 : 0.000000pseudo_supervision2 : 0.000000
iteration 760 :model1 loss : 0.525393model2 loss : 0.221428pseudo_supervision1 : 0.000000pseudo_supervision2 : 0.000000
iteration 780 :model1 loss : 0.399224model2 loss : 0.222333pseudo_supervision1 : 0.000000pseudo_supervision2 : 0.000000
iteration 800 :model1 loss : 0.357396model2 loss : 0.234784pseudo_supervision1 : 0.000000pseudo_supervision2 : 0.000000
save model to ../model/BTCV_5_C3PS_c3ps_confidence_filter_SGD_SGD/unet_3D_old/model_iter_800.pth
save model2 to ../model/BTCV_5_C3PS_c3ps_confidence_filter_SGD_SGD/unet_3D_old/model2_iter_800.pth
iteration 820 :model1 loss : 0.387076model2 loss : 0.259450pseudo_supervision1 : 0.000000pseudo_supervision2 : 0.000000
iteration 840 :model1 loss : 0.357886model2 loss : 0.169301pseudo_supervision1 : 0.000000pseudo_supervision2 : 0.000000
iteration 860 :model1 loss : 0.430128model2 loss : 0.201988pseudo_supervision1 : 0.000000pseudo_supervision2 : 0.000000
iteration 880 :model1 loss : 0.338485model2 loss : 0.277947pseudo_supervision1 : 0.000000pseudo_supervision2 : 0.000000
iteration 900 :model1 loss : 0.403655model2 loss : 0.254920pseudo_supervision1 : 0.000000pseudo_supervision2 : 0.000000
iteration 920 :model1 loss : 0.336223model2 loss : 0.249183pseudo_supervision1 : 0.000000pseudo_supervision2 : 0.000000
iteration 940 :model1 loss : 0.353140model2 loss : 0.245415pseudo_supervision1 : 0.000000pseudo_supervision2 : 0.000000
iteration 960 :model1 loss : 0.361066model2 loss : 0.216338pseudo_supervision1 : 0.000000pseudo_supervision2 : 0.000000
iteration 980 :model1 loss : 0.375521model2 loss : 0.258071pseudo_supervision1 : 0.000000pseudo_supervision2 : 0.000000
iteration 1000 :model1 loss : 0.498993model2 loss : 0.259239pseudo_supervision1 : 0.000000pseudo_supervision2 : 0.000000
save model to ../model/BTCV_5_C3PS_c3ps_confidence_filter_SGD_SGD/unet_3D_old/model_iter_1000.pth
save model2 to ../model/BTCV_5_C3PS_c3ps_confidence_filter_SGD_SGD/unet_3D_old/model2_iter_1000.pth
iteration 1020 :model1 loss : 0.334162model2 loss : 0.246615pseudo_supervision1 : 0.000000pseudo_supervision2 : 0.000000
iteration 1040 :model1 loss : 0.401241model2 loss : 0.251729pseudo_supervision1 : 0.000000pseudo_supervision2 : 0.000000
iteration 1060 :model1 loss : 0.333333model2 loss : 0.283915pseudo_supervision1 : 0.000000pseudo_supervision2 : 0.000000
iteration 1080 :model1 loss : 0.401269model2 loss : 0.266728pseudo_supervision1 : 0.000000pseudo_supervision2 : 0.000000
iteration 1100 :model1 loss : 0.372318model2 loss : 0.283900pseudo_supervision1 : 0.000000pseudo_supervision2 : 0.000000
iteration 1120 :model1 loss : 0.328502model2 loss : 0.227720pseudo_supervision1 : 0.000000pseudo_supervision2 : 0.000000
iteration 1140 :model1 loss : 0.413608model2 loss : 0.230275pseudo_supervision1 : 0.000000pseudo_supervision2 : 0.000000
iteration 1160 :model1 loss : 0.327154model2 loss : 0.220983pseudo_supervision1 : 0.000000pseudo_supervision2 : 0.000000
iteration 1180 :model1 loss : 0.344411model2 loss : 0.260079pseudo_supervision1 : 0.000000pseudo_supervision2 : 0.000000
iteration 1200 :model1 loss : 0.332812model2 loss : 0.152372pseudo_supervision1 : 0.000000pseudo_supervision2 : 0.000000
save model to ../model/BTCV_5_C3PS_c3ps_confidence_filter_SGD_SGD/unet_3D_old/model_iter_1200.pth
save model2 to ../model/BTCV_5_C3PS_c3ps_confidence_filter_SGD_SGD/unet_3D_old/model2_iter_1200.pth
iteration 1220 :model1 loss : 0.330631model2 loss : 0.221855pseudo_supervision1 : 0.000000pseudo_supervision2 : 0.000000
iteration 1240 :model1 loss : 0.340540model2 loss : 0.215238pseudo_supervision1 : 0.000000pseudo_supervision2 : 0.000000
iteration 1260 :model1 loss : 0.306659model2 loss : 0.247680pseudo_supervision1 : 0.000000pseudo_supervision2 : 0.000000
iteration 1280 :model1 loss : 0.365945model2 loss : 0.240303pseudo_supervision1 : 0.000000pseudo_supervision2 : 0.000000
iteration 1300 :model1 loss : 0.443044model2 loss : 0.246465pseudo_supervision1 : 0.000000pseudo_supervision2 : 0.000000
iteration 1320 :model1 loss : 0.269214model2 loss : 0.221444pseudo_supervision1 : 0.000000pseudo_supervision2 : 0.000000
iteration 1340 :model1 loss : 0.331894model2 loss : 0.271933pseudo_supervision1 : 0.000000pseudo_supervision2 : 0.000000
iteration 1360 :model1 loss : 0.455170model2 loss : 0.231481pseudo_supervision1 : 0.000000pseudo_supervision2 : 0.000000
iteration 1380 :model1 loss : 0.291340model2 loss : 0.216322pseudo_supervision1 : 0.000000pseudo_supervision2 : 0.000000
iteration 1400 :model1 loss : 0.270066model2 loss : 0.248725pseudo_supervision1 : 0.000000pseudo_supervision2 : 0.000000
save model to ../model/BTCV_5_C3PS_c3ps_confidence_filter_SGD_SGD/unet_3D_old/model_iter_1400.pth
save model2 to ../model/BTCV_5_C3PS_c3ps_confidence_filter_SGD_SGD/unet_3D_old/model2_iter_1400.pth
iteration 1420 :model1 loss : 0.307825model2 loss : 0.264668pseudo_supervision1 : 0.000000pseudo_supervision2 : 0.000000
iteration 1440 :model1 loss : 0.329426model2 loss : 0.220924pseudo_supervision1 : 0.000000pseudo_supervision2 : 0.000000
iteration 1460 :model1 loss : 0.280191model2 loss : 0.125128pseudo_supervision1 : 0.000000pseudo_supervision2 : 0.000000
iteration 1480 :model1 loss : 0.332022model2 loss : 0.293175pseudo_supervision1 : 0.000000pseudo_supervision2 : 0.000000
iteration 1500 :model1 loss : 0.279760model2 loss : 0.245190pseudo_supervision1 : 0.000000pseudo_supervision2 : 0.000000
iteration 1520 :model1 loss : 0.393339model2 loss : 0.202309pseudo_supervision1 : 0.000000pseudo_supervision2 : 0.000000
iteration 1540 :model1 loss : 0.317103model2 loss : 0.235275pseudo_supervision1 : 0.000000pseudo_supervision2 : 0.000000
iteration 1560 :model1 loss : 0.357775model2 loss : 0.258642pseudo_supervision1 : 0.000000pseudo_supervision2 : 0.000000
iteration 1580 :model1 loss : 0.311043model2 loss : 0.259365pseudo_supervision1 : 0.000000pseudo_supervision2 : 0.000000
iteration 1600 :model1 loss : 0.268538model2 loss : 0.210414pseudo_supervision1 : 0.000000pseudo_supervision2 : 0.000000
save model to ../model/BTCV_5_C3PS_c3ps_confidence_filter_SGD_SGD/unet_3D_old/model_iter_1600.pth
save model2 to ../model/BTCV_5_C3PS_c3ps_confidence_filter_SGD_SGD/unet_3D_old/model2_iter_1600.pth
iteration 1620 :model1 loss : 0.291231model2 loss : 0.261427pseudo_supervision1 : 0.000000pseudo_supervision2 : 0.000000
iteration 1640 :model1 loss : 0.267760model2 loss : 0.177230pseudo_supervision1 : 0.000000pseudo_supervision2 : 0.000000
iteration 1660 :model1 loss : 0.273124model2 loss : 0.227456pseudo_supervision1 : 0.000000pseudo_supervision2 : 0.000000
iteration 1680 :model1 loss : 0.291495model2 loss : 0.220677pseudo_supervision1 : 0.000000pseudo_supervision2 : 0.000000
iteration 1700 :model1 loss : 0.256027model2 loss : 0.196009pseudo_supervision1 : 0.000000pseudo_supervision2 : 0.000000
iteration 1720 :model1 loss : 0.268916model2 loss : 0.255021pseudo_supervision1 : 0.000000pseudo_supervision2 : 0.000000
iteration 1740 :model1 loss : 0.297318model2 loss : 0.244942pseudo_supervision1 : 0.000000pseudo_supervision2 : 0.000000
iteration 1760 :model1 loss : 0.318167model2 loss : 0.327276pseudo_supervision1 : 0.000000pseudo_supervision2 : 0.000000
iteration 1780 :model1 loss : 0.286301model2 loss : 0.151761pseudo_supervision1 : 0.000000pseudo_supervision2 : 0.000000
iteration 1800 :model1 loss : 0.408526model2 loss : 0.246441pseudo_supervision1 : 0.000000pseudo_supervision2 : 0.000000
save model to ../model/BTCV_5_C3PS_c3ps_confidence_filter_SGD_SGD/unet_3D_old/model_iter_1800.pth
save model2 to ../model/BTCV_5_C3PS_c3ps_confidence_filter_SGD_SGD/unet_3D_old/model2_iter_1800.pth
iteration 1820 :model1 loss : 0.258258model2 loss : 0.220424pseudo_supervision1 : 0.000000pseudo_supervision2 : 0.000000
iteration 1840 :model1 loss : 0.396893model2 loss : 0.259613pseudo_supervision1 : 0.000000pseudo_supervision2 : 0.000000
iteration 1860 :model1 loss : 0.355658model2 loss : 0.249442pseudo_supervision1 : 0.000000pseudo_supervision2 : 0.000000
iteration 1880 :model1 loss : 0.257188model2 loss : 0.211143pseudo_supervision1 : 0.000000pseudo_supervision2 : 0.000000
iteration 1900 :model1 loss : 0.271835model2 loss : 0.246632pseudo_supervision1 : 0.000000pseudo_supervision2 : 0.000000
iteration 1920 :model1 loss : 0.268251model2 loss : 0.165263pseudo_supervision1 : 0.000000pseudo_supervision2 : 0.000000
iteration 1940 :model1 loss : 0.338268model2 loss : 0.173631pseudo_supervision1 : 0.000000pseudo_supervision2 : 0.000000
iteration 1960 :model1 loss : 0.332344model2 loss : 0.268597pseudo_supervision1 : 0.000000pseudo_supervision2 : 0.000000
iteration 1980 :model1 loss : 0.289211model2 loss : 0.258474pseudo_supervision1 : 0.000000pseudo_supervision2 : 0.000000
iteration 2000 :model1 loss : 0.284442model2 loss : 0.237800pseudo_supervision1 : 0.000000pseudo_supervision2 : 0.000000
save model to ../model/BTCV_5_C3PS_c3ps_confidence_filter_SGD_SGD/unet_3D_old/model_iter_2000.pth
save model2 to ../model/BTCV_5_C3PS_c3ps_confidence_filter_SGD_SGD/unet_3D_old/model2_iter_2000.pth
[1;34mwandb[0m: 
[1;34mwandb[0m: 🚀 View run [33mBTCV_C3PS_labeled5_SGD_SGD_c3ps_confidence_filter[0m at: [34mhttps://wandb.ai/luckiepeng/semi-supervised-segmentation/runs/tpjubfam[0m
[1;34mwandb[0m: Find logs at: [1;35mwandb/run-20260321_161846-tpjubfam/logs[0m
Discord command not found, skipping notification
